#OUTPUT
 $PCS_TYPE
  HEAT_TRANSPORT
 $NOD_VALUES
  TEMPERATURE1
 $GEO_TYPE
  POINT POINT0
 $DAT_TYPE
  TECPLOT
 $TIM_TYPE
  1
#STOP
